Archive member included to satisfy reference by file (symbol)

c:/users/adria/.p2/pool/plugins/fr.ac6.mcu.externaltools.arm-none.win32_1.13.2.201703061525/tools/compiler/bin/../lib/gcc/arm-none-eabi/5.4.1/armv7e-m/fpu\libgcc.a(_aeabi_uldivmod.o)
                              Drivers/STM32F4xx_HAL_Driver/stm32f4xx_hal_rcc.o (__aeabi_uldivmod)
c:/users/adria/.p2/pool/plugins/fr.ac6.mcu.externaltools.arm-none.win32_1.13.2.201703061525/tools/compiler/bin/../lib/gcc/arm-none-eabi/5.4.1/armv7e-m/fpu\libgcc.a(_udivmoddi4.o)
                              c:/users/adria/.p2/pool/plugins/fr.ac6.mcu.externaltools.arm-none.win32_1.13.2.201703061525/tools/compiler/bin/../lib/gcc/arm-none-eabi/5.4.1/armv7e-m/fpu\libgcc.a(_aeabi_uldivmod.o) (__udivmoddi4)
c:/users/adria/.p2/pool/plugins/fr.ac6.mcu.externaltools.arm-none.win32_1.13.2.201703061525/tools/compiler/bin/../lib/gcc/arm-none-eabi/5.4.1/armv7e-m/fpu\libgcc.a(_dvmd_tls.o)
                              c:/users/adria/.p2/pool/plugins/fr.ac6.mcu.externaltools.arm-none.win32_1.13.2.201703061525/tools/compiler/bin/../lib/gcc/arm-none-eabi/5.4.1/armv7e-m/fpu\libgcc.a(_aeabi_uldivmod.o) (__aeabi_ldiv0)
c:/users/adria/.p2/pool/plugins/fr.ac6.mcu.externaltools.arm-none.win32_1.13.2.201703061525/tools/compiler/bin/../lib/gcc/arm-none-eabi/5.4.1/../../../../arm-none-eabi/lib/armv7e-m/fpu\libc_nano.a(lib_a-errno.o)
                              Application/SW4STM32/syscalls.o (__errno)
c:/users/adria/.p2/pool/plugins/fr.ac6.mcu.externaltools.arm-none.win32_1.13.2.201703061525/tools/compiler/bin/../lib/gcc/arm-none-eabi/5.4.1/../../../../arm-none-eabi/lib/armv7e-m/fpu\libc_nano.a(lib_a-exit.o)
                              c:/users/adria/.p2/pool/plugins/fr.ac6.mcu.externaltools.arm-none.win32_1.13.2.201703061525/tools/compiler/bin/../lib/gcc/arm-none-eabi/5.4.1/../../../../arm-none-eabi/lib/armv7e-m/fpu/crt0.o (exit)
c:/users/adria/.p2/pool/plugins/fr.ac6.mcu.externaltools.arm-none.win32_1.13.2.201703061525/tools/compiler/bin/../lib/gcc/arm-none-eabi/5.4.1/../../../../arm-none-eabi/lib/armv7e-m/fpu\libc_nano.a(lib_a-impure.o)
                              c:/users/adria/.p2/pool/plugins/fr.ac6.mcu.externaltools.arm-none.win32_1.13.2.201703061525/tools/compiler/bin/../lib/gcc/arm-none-eabi/5.4.1/../../../../arm-none-eabi/lib/armv7e-m/fpu\libc_nano.a(lib_a-exit.o) (_global_impure_ptr)
c:/users/adria/.p2/pool/plugins/fr.ac6.mcu.externaltools.arm-none.win32_1.13.2.201703061525/tools/compiler/bin/../lib/gcc/arm-none-eabi/5.4.1/../../../../arm-none-eabi/lib/armv7e-m/fpu\libc_nano.a(lib_a-init.o)
                              c:/users/adria/.p2/pool/plugins/fr.ac6.mcu.externaltools.arm-none.win32_1.13.2.201703061525/tools/compiler/bin/../lib/gcc/arm-none-eabi/5.4.1/../../../../arm-none-eabi/lib/armv7e-m/fpu/crt0.o (__libc_init_array)
c:/users/adria/.p2/pool/plugins/fr.ac6.mcu.externaltools.arm-none.win32_1.13.2.201703061525/tools/compiler/bin/../lib/gcc/arm-none-eabi/5.4.1/../../../../arm-none-eabi/lib/armv7e-m/fpu\libc_nano.a(lib_a-memset.o)
                              c:/users/adria/.p2/pool/plugins/fr.ac6.mcu.externaltools.arm-none.win32_1.13.2.201703061525/tools/compiler/bin/../lib/gcc/arm-none-eabi/5.4.1/../../../../arm-none-eabi/lib/armv7e-m/fpu/crt0.o (memset)
c:/users/adria/.p2/pool/plugins/fr.ac6.mcu.externaltools.arm-none.win32_1.13.2.201703061525/tools/compiler/bin/../lib/gcc/arm-none-eabi/5.4.1/../../../../arm-none-eabi/lib/armv7e-m/fpu\libc_nano.a(lib_a-sprintf.o)
                              Application/User/main.o (sprintf)
c:/users/adria/.p2/pool/plugins/fr.ac6.mcu.externaltools.arm-none.win32_1.13.2.201703061525/tools/compiler/bin/../lib/gcc/arm-none-eabi/5.4.1/../../../../arm-none-eabi/lib/armv7e-m/fpu\libc_nano.a(lib_a-nano-svfprintf.o)
                              c:/users/adria/.p2/pool/plugins/fr.ac6.mcu.externaltools.arm-none.win32_1.13.2.201703061525/tools/compiler/bin/../lib/gcc/arm-none-eabi/5.4.1/../../../../arm-none-eabi/lib/armv7e-m/fpu\libc_nano.a(lib_a-sprintf.o) (_svfprintf_r)
c:/users/adria/.p2/pool/plugins/fr.ac6.mcu.externaltools.arm-none.win32_1.13.2.201703061525/tools/compiler/bin/../lib/gcc/arm-none-eabi/5.4.1/../../../../arm-none-eabi/lib/armv7e-m/fpu\libc_nano.a(lib_a-nano-vfprintf_i.o)
                              c:/users/adria/.p2/pool/plugins/fr.ac6.mcu.externaltools.arm-none.win32_1.13.2.201703061525/tools/compiler/bin/../lib/gcc/arm-none-eabi/5.4.1/../../../../arm-none-eabi/lib/armv7e-m/fpu\libc_nano.a(lib_a-nano-svfprintf.o) (_printf_i)
c:/users/adria/.p2/pool/plugins/fr.ac6.mcu.externaltools.arm-none.win32_1.13.2.201703061525/tools/compiler/bin/../lib/gcc/arm-none-eabi/5.4.1/../../../../arm-none-eabi/lib/armv7e-m/fpu\libc_nano.a(lib_a-memchr.o)
                              c:/users/adria/.p2/pool/plugins/fr.ac6.mcu.externaltools.arm-none.win32_1.13.2.201703061525/tools/compiler/bin/../lib/gcc/arm-none-eabi/5.4.1/../../../../arm-none-eabi/lib/armv7e-m/fpu\libc_nano.a(lib_a-nano-svfprintf.o) (memchr)
[...]
Memory Configuration

Name             Origin             Length             Attributes
RAM              0x20000000         0x00018000         xrw
FLASH            0x08000000         0x00080000         xr
*default*        0x00000000         0xffffffff

Linker script and memory map

LOAD c:/users/adria/.p2/pool/plugins/fr.ac6.mcu.externaltools.arm-none.win32_1.13.2.201703061525/tools/compiler/bin/../lib/gcc/arm-none-eabi/5.4.1/armv7e-m/fpu/crti.o
LOAD c:/users/adria/.p2/pool/plugins/fr.ac6.mcu.externaltools.arm-none.win32_1.13.2.201703061525/tools/compiler/bin/../lib/gcc/arm-none-eabi/5.4.1/armv7e-m/fpu/crtbegin.o
LOAD c:/users/adria/.p2/pool/plugins/fr.ac6.mcu.externaltools.arm-none.win32_1.13.2.201703061525/tools/compiler/bin/../lib/gcc/arm-none-eabi/5.4.1/../../../../arm-none-eabi/lib/armv7e-m/fpu/crt0.o
LOAD c:/users/adria/.p2/pool/plugins/fr.ac6.mcu.externaltools.arm-none.win32_1.13.2.201703061525/tools/compiler/bin/../lib/gcc/arm-none-eabi/5.4.1/../../../../arm-none-eabi/lib/armv7e-m/fpu\libm.a
LOAD Application/SW4STM32/startup_stm32f401xe.o
LOAD Application/SW4STM32/syscalls.o
LOAD Application/User/main.o
LOAD Application/User/stm32f4xx_hal_msp.o
LOAD Application/User/stm32f4xx_it.o
LOAD Drivers/CMSIS/system_stm32f4xx.o
LOAD Drivers/STM32F4xx_HAL_Driver/stm32f4xx_hal.o
LOAD Drivers/STM32F4xx_HAL_Driver/stm32f4xx_hal_cortex.o
LOAD Drivers/STM32F4xx_HAL_Driver/stm32f4xx_hal_dma.o
LOAD Drivers/STM32F4xx_HAL_Driver/stm32f4xx_hal_dma_ex.o
LOAD Drivers/STM32F4xx_HAL_Driver/stm32f4xx_hal_exti.o
LOAD Drivers/STM32F4xx_HAL_Driver/stm32f4xx_hal_flash.o
LOAD Drivers/STM32F4xx_HAL_Driver/stm32f4xx_hal_flash_ex.o
LOAD Drivers/STM32F4xx_HAL_Driver/stm32f4xx_hal_flash_ramfunc.o
LOAD Drivers/STM32F4xx_HAL_Driver/stm32f4xx_hal_gpio.o
LOAD Drivers/STM32F4xx_HAL_Driver/stm32f4xx_hal_pwr.o
LOAD Drivers/STM32F4xx_HAL_Driver/stm32f4xx_hal_pwr_ex.o
LOAD Drivers/STM32F4xx_HAL_Driver/stm32f4xx_hal_rcc.o
LOAD Drivers/STM32F4xx_HAL_Driver/stm32f4xx_hal_rcc_ex.o
LOAD Drivers/STM32F4xx_HAL_Driver/stm32f4xx_hal_tim.o
LOAD Drivers/STM32F4xx_HAL_Driver/stm32f4xx_hal_tim_ex.o
LOAD Drivers/STM32F4xx_HAL_Driver/stm32f4xx_hal_uart.o
START GROUP
LOAD c:/users/adria/.p2/pool/plugins/fr.ac6.mcu.externaltools.arm-none.win32_1.13.2.201703061525/tools/compiler/bin/../lib/gcc/arm-none-eabi/5.4.1/armv7e-m/fpu\libgcc.a
LOAD c:/users/adria/.p2/pool/plugins/fr.ac6.mcu.externaltools.arm-none.win32_1.13.2.201703061525/tools/compiler/bin/../lib/gcc/arm-none-eabi/5.4.1/../../../../arm-none-eabi/lib/armv7e-m/fpu\libc_nano.a
END GROUP
START GROUP
LOAD c:/users/adria/.p2/pool/plugins/fr.ac6.mcu.externaltools.arm-none.win32_1.13.2.201703061525/tools/compiler/bin/../lib/gcc/arm-none-eabi/5.4.1/armv7e-m/fpu\libgcc.a
LOAD c:/users/adria/.p2/pool/plugins/fr.ac6.mcu.externaltools.arm-none.win32_1.13.2.201703061525/tools/compiler/bin/../lib/gcc/arm-none-eabi/5.4.1/../../../../arm-none-eabi/lib/armv7e-m/fpu\libc_nano.a
LOAD c:/users/adria/.p2/pool/plugins/fr.ac6.mcu.externaltools.arm-none.win32_1.13.2.201703061525/tools/compiler/bin/../lib/gcc/arm-none-eabi/5.4.1/../../../../arm-none-eabi/lib/armv7e-m/fpu\libnosys.a
END GROUP
START GROUP
LOAD c:/users/adria/.p2/pool/plugins/fr.ac6.mcu.externaltools.arm-none.win32_1.13.2.201703061525/tools/compiler/bin/../lib/gcc/arm-none-eabi/5.4.1/armv7e-m/fpu\libgcc.a
LOAD c:/users/adria/.p2/pool/plugins/fr.ac6.mcu.externaltools.arm-none.win32_1.13.2.201703061525/tools/compiler/bin/../lib/gcc/arm-none-eabi/5.4.1/../../../../arm-none-eabi/lib/armv7e-m/fpu\libc_nano.a
LOAD c:/users/adria/.p2/pool/plugins/fr.ac6.mcu.externaltools.arm-none.win32_1.13.2.201703061525/tools/compiler/bin/../lib/gcc/arm-none-eabi/5.4.1/../../../../arm-none-eabi/lib/armv7e-m/fpu\libnosys.a
END GROUP
LOAD c:/users/adria/.p2/pool/plugins/fr.ac6.mcu.externaltools.arm-none.win32_1.13.2.201703061525/tools/compiler/bin/../lib/gcc/arm-none-eabi/5.4.1/armv7e-m/fpu/crtend.o
LOAD c:/users/adria/.p2/pool/plugins/fr.ac6.mcu.externaltools.arm-none.win32_1.13.2.201703061525/tools/compiler/bin/../lib/gcc/arm-none-eabi/5.4.1/armv7e-m/fpu/crtn.o
                0x20018000                _estack = 0x20018000
                0x00000200                _Min_Heap_Size = 0x200
                0x00000400                _Min_Stack_Size = 0x400

.isr_vector     0x08000000      0x194
                0x08000000                . = ALIGN (0x4)
 *(.isr_vector)
 .isr_vector    0x08000000      0x194 Application/SW4STM32/startup_stm32f401xe.o
                0x08000000                g_pfnVectors
                0x08000194                . = ALIGN (0x4)

.text           0x080001a0     0x2650
                0x080001a0                . = ALIGN (0x4)
 *(.text)
 .text          0x080001a0       0x5c c:/users/adria/.p2/pool/plugins/fr.ac6.mcu.externaltools.arm-none.win32_1.13.2.201703061525/tools/compiler/bin/../lib/gcc/arm-none-eabi/5.4.1/armv7e-m/fpu/crtbegin.o
 .text          0x080001fc       0x30 c:/users/adria/.p2/pool/plugins/fr.ac6.mcu.externaltools.arm-none.win32_1.13.2.201703061525/tools/compiler/bin/../lib/gcc/arm-none-eabi/5.4.1/armv7e-m/fpu\libgcc.a(_aeabi_uldivmod.o)
                0x080001fc                __aeabi_uldivmod
 .text          0x0800022c      0x2e4 c:/users/adria/.p2/pool/plugins/fr.ac6.mcu.externaltools.arm-none.win32_1.13.2.201703061525/tools/compiler/bin/../lib/gcc/arm-none-eabi/5.4.1/armv7e-m/fpu\libgcc.a(_udivmoddi4.o)
                0x0800022c                __udivmoddi4
 .text          0x08000510        0x4 c:/users/adria/.p2/pool/plugins/fr.ac6.mcu.externaltools.arm-none.win32_1.13.2.201703061525/tools/compiler/bin/../lib/gcc/arm-none-eabi/5.4.1/armv7e-m/fpu\libgcc.a(_dvmd_tls.o)
                0x08000510                __aeabi_idiv0
                0x08000510                __aeabi_ldiv0
 *fill*         0x08000514        0xc 
 .text          0x08000520       0xa0 c:/users/adria/.p2/pool/plugins/fr.ac6.mcu.externaltools.arm-none.win32_1.13.2.201703061525/tools/compiler/bin/../lib/gcc/arm-none-eabi/5.4.1/../../../../arm-none-eabi/lib/armv7e-m/fpu\libc_nano.a(lib_a-memchr.o)
                0x08000520                memchr
 *(.text*)
 .text.Reset_Handler
                0x080005c0       0x50 Application/SW4STM32/startup_stm32f401xe.o
                0x080005c0                Reset_Handler
 .text.Default_Handler
                0x08000610        0x2 Application/SW4STM32/startup_stm32f401xe.o
                0x08000610                RTC_Alarm_IRQHandler
                0x08000610                EXTI2_IRQHandler
                0x08000610                SPI4_IRQHandler
                0x08000610                TIM1_CC_IRQHandler
                0x08000610                DMA2_Stream5_IRQHandler
                0x08000610                DMA1_Stream5_IRQHandler
                0x08000610                PVD_IRQHandler
                0x08000610                SDIO_IRQHandler
                0x08000610                TAMP_STAMP_IRQHandler
                0x08000610                EXTI3_IRQHandler
                0x08000610                TIM1_UP_TIM10_IRQHandler
                0x08000610                I2C3_ER_IRQHandler
                0x08000610                EXTI0_IRQHandler
                0x08000610                I2C2_EV_IRQHandler
                0x08000610                DMA1_Stream2_IRQHandler
                0x08000610                FPU_IRQHandler
                0x08000610                DMA2_Stream2_IRQHandler
                0x08000610                SPI1_IRQHandler
                0x08000610                TIM1_BRK_TIM9_IRQHandler
                0x08000610                DMA2_Stream3_IRQHandler
                0x08000610                USART6_IRQHandler
                0x08000610                DMA2_Stream0_IRQHandler
                0x08000610                TIM4_IRQHandler
                0x08000610                I2C1_EV_IRQHandler
                0x08000610                DMA1_Stream6_IRQHandler
                0x08000610                DMA1_Stream1_IRQHandler
                0x08000610                TIM3_IRQHandler
                0x08000610                RCC_IRQHandler
                0x08000610                Default_Handler
                0x08000610                ADC_IRQHandler
                0x08000610                DMA1_Stream7_IRQHandler
                0x08000610                TIM5_IRQHandler
                0x08000610                DMA2_Stream7_IRQHandler
                0x08000610                I2C3_EV_IRQHandler
                0x08000610                EXTI9_5_IRQHandler
                0x08000610                RTC_WKUP_IRQHandler
                0x08000610                SPI2_IRQHandler
                0x08000610                DMA1_Stream0_IRQHandler
                0x08000610                EXTI4_IRQHandler
                0x08000610                WWDG_IRQHandler
                0x08000610                TIM2_IRQHandler
                0x08000610                OTG_FS_WKUP_IRQHandler
                0x08000610                EXTI1_IRQHandler
                0x08000610                I2C2_ER_IRQHandler
                0x08000610                DMA2_Stream1_IRQHandler
                0x08000610                FLASH_IRQHandler
                0x08000610                DMA2_Stream4_IRQHandler
                0x08000610                USART1_IRQHandler
                0x08000610                OTG_FS_IRQHandler
                0x08000610                SPI3_IRQHandler
                0x08000610                DMA1_Stream4_IRQHandler
                0x08000610                I2C1_ER_IRQHandler
                0x08000610                DMA2_Stream6_IRQHandler
                0x08000610                DMA1_Stream3_IRQHandler
 *fill*         0x08000612        0x2 
 .text._sbrk    0x08000614       0x38 Application/SW4STM32/syscalls.o
                0x08000614                _sbrk
 .text.MX_GPIO_Init
                0x0800064c       0x94 Application/User/main.o
 .text.MX_TIM11_Init
                0x080006e0       0x24 Application/User/main.o
 .text.MX_USART2_UART_Init
                0x08000704       0x2c Application/User/main.o
 .text.HAL_GPIO_EXTI_Callback
                0x08000730       0x94 Application/User/main.o
                0x08000730                HAL_GPIO_EXTI_Callback
 .text.sendChar
                0x080007c4       0x28 Application/User/main.o
                0x080007c4                sendChar
 .text.signalToChar
                0x080007ec      0x30c Application/User/main.o
                0x080007ec                signalToChar
 .text.SystemClock_Config
                0x08000af8       0x84 Application/User/main.o
                0x08000af8                SystemClock_Config
 .text.main     0x08000b7c       0xb0 Application/User/main.o
                0x08000b7c                main
 .text.HAL_MspInit
                0x08000c2c       0x40 Application/User/stm32f4xx_hal_msp.o
                0x08000c2c                HAL_MspInit
 .text.HAL_TIM_Base_MspInit
                0x08000c6c       0x40 Application/User/stm32f4xx_hal_msp.o
                0x08000c6c                HAL_TIM_Base_MspInit
 .text.HAL_UART_MspInit
                0x08000cac       0x7c Application/User/stm32f4xx_hal_msp.o
                0x08000cac                HAL_UART_MspInit
 .text.NMI_Handler
                0x08000d28        0x4 Application/User/stm32f4xx_it.o
                0x08000d28                NMI_Handler
 .text.HardFault_Handler
                0x08000d2c        0x4 Application/User/stm32f4xx_it.o
                0x08000d2c                HardFault_Handler
 .text.MemManage_Handler
                0x08000d30        0x4 Application/User/stm32f4xx_it.o
                0x08000d30                MemManage_Handler
 .text.BusFault_Handler
                0x08000d34        0x4 Application/User/stm32f4xx_it.o
                0x08000d34                BusFault_Handler
 .text.UsageFault_Handler
                0x08000d38        0x4 Application/User/stm32f4xx_it.o
                0x08000d38                UsageFault_Handler
 .text.SVC_Handler
                0x08000d3c        0x4 Application/User/stm32f4xx_it.o
                0x08000d3c                SVC_Handler
 .text.DebugMon_Handler
                0x08000d40        0x4 Application/User/stm32f4xx_it.o
                0x08000d40                DebugMon_Handler
 .text.PendSV_Handler
                0x08000d44        0x4 Application/User/stm32f4xx_it.o
                0x08000d44                PendSV_Handler
 .text.SysTick_Handler
                0x08000d48        0x8 Application/User/stm32f4xx_it.o
                0x08000d48                SysTick_Handler
 .text.TIM1_TRG_COM_TIM11_IRQHandler
                0x08000d50       0x10 Application/User/stm32f4xx_it.o
                0x08000d50                TIM1_TRG_COM_TIM11_IRQHandler
 .text.USART2_IRQHandler
                0x08000d60       0x10 Application/User/stm32f4xx_it.o
                0x08000d60                USART2_IRQHandler
 .text.EXTI15_10_IRQHandler
                0x08000d70        0xc Application/User/stm32f4xx_it.o
                0x08000d70                EXTI15_10_IRQHandler
 .text.SystemInit
                0x08000d7c       0x1c Drivers/CMSIS/system_stm32f4xx.o
                0x08000d7c                SystemInit
 .text.HAL_InitTick
                0x08000d98       0x48 Drivers/STM32F4xx_HAL_Driver/stm32f4xx_hal.o
                0x08000d98                HAL_InitTick
 .text.HAL_Init
                0x08000de0       0x34 Drivers/STM32F4xx_HAL_Driver/stm32f4xx_hal.o
                0x08000de0                HAL_Init
 .text.HAL_IncTick
                0x08000e14       0x18 Drivers/STM32F4xx_HAL_Driver/stm32f4xx_hal.o
                0x08000e14                HAL_IncTick
 .text.HAL_GetTick
                0x08000e2c        0xc Drivers/STM32F4xx_HAL_Driver/stm32f4xx_hal.o
                0x08000e2c                HAL_GetTick
 .text.HAL_NVIC_SetPriorityGrouping
                0x08000e38       0x24 Drivers/STM32F4xx_HAL_Driver/stm32f4xx_hal_cortex.o
                0x08000e38                HAL_NVIC_SetPriorityGrouping
 .text.HAL_NVIC_SetPriority
                0x08000e5c       0x64 Drivers/STM32F4xx_HAL_Driver/stm32f4xx_hal_cortex.o
                0x08000e5c                HAL_NVIC_SetPriority
 .text.HAL_NVIC_EnableIRQ
                0x08000ec0       0x1c Drivers/STM32F4xx_HAL_Driver/stm32f4xx_hal_cortex.o
                0x08000ec0                HAL_NVIC_EnableIRQ
 .text.HAL_SYSTICK_Config
                0x08000edc       0x2c Drivers/STM32F4xx_HAL_Driver/stm32f4xx_hal_cortex.o
                0x08000edc                HAL_SYSTICK_Config
 .text.HAL_DMA_Abort_IT
                0x08000f08       0x28 Drivers/STM32F4xx_HAL_Driver/stm32f4xx_hal_dma.o
                0x08000f08                HAL_DMA_Abort_IT
 .text.HAL_GPIO_Init
                0x08000f30      0x1ac Drivers/STM32F4xx_HAL_Driver/stm32f4xx_hal_gpio.o
                0x08000f30                HAL_GPIO_Init
 .text.HAL_GPIO_ReadPin
                0x080010dc       0x10 Drivers/STM32F4xx_HAL_Driver/stm32f4xx_hal_gpio.o
                0x080010dc                HAL_GPIO_ReadPin
 .text.HAL_GPIO_WritePin
                0x080010ec        0xc Drivers/STM32F4xx_HAL_Driver/stm32f4xx_hal_gpio.o
                0x080010ec                HAL_GPIO_WritePin
 .text.HAL_GPIO_EXTI_IRQHandler
                0x080010f8       0x18 Drivers/STM32F4xx_HAL_Driver/stm32f4xx_hal_gpio.o
                0x080010f8                HAL_GPIO_EXTI_IRQHandler
 .text.HAL_RCC_OscConfig
                0x08001110      0x418 Drivers/STM32F4xx_HAL_Driver/stm32f4xx_hal_rcc.o
                0x08001110                HAL_RCC_OscConfig
 .text.HAL_RCC_GetSysClockFreq
                0x08001528       0xcc Drivers/STM32F4xx_HAL_Driver/stm32f4xx_hal_rcc.o
                0x08001528                HAL_RCC_GetSysClockFreq
 .text.HAL_RCC_ClockConfig
                0x080015f4      0x168 Drivers/STM32F4xx_HAL_Driver/stm32f4xx_hal_rcc.o
                0x080015f4                HAL_RCC_ClockConfig
 .text.HAL_RCC_GetHCLKFreq
                0x0800175c        0xc Drivers/STM32F4xx_HAL_Driver/stm32f4xx_hal_rcc.o
                0x0800175c                HAL_RCC_GetHCLKFreq
 .text.HAL_RCC_GetPCLK1Freq
                0x08001768       0x20 Drivers/STM32F4xx_HAL_Driver/stm32f4xx_hal_rcc.o
                0x08001768                HAL_RCC_GetPCLK1Freq
 .text.HAL_RCC_GetPCLK2Freq
                0x08001788       0x20 Drivers/STM32F4xx_HAL_Driver/stm32f4xx_hal_rcc.o
                0x08001788                HAL_RCC_GetPCLK2Freq
 .text.HAL_TIM_Base_Start_IT
                0x080017a8       0x24 Drivers/STM32F4xx_HAL_Driver/stm32f4xx_hal_tim.o
                0x080017a8                HAL_TIM_Base_Start_IT
 .text.HAL_TIM_PeriodElapsedCallback
                0x080017cc        0x4 Drivers/STM32F4xx_HAL_Driver/stm32f4xx_hal_tim.o
                0x080017cc                HAL_TIM_PeriodElapsedCallback
 .text.HAL_TIM_OC_DelayElapsedCallback
                0x080017d0        0x4 Drivers/STM32F4xx_HAL_Driver/stm32f4xx_hal_tim.o
                0x080017d0                HAL_TIM_OC_DelayElapsedCallback
 .text.HAL_TIM_IC_CaptureCallback
                0x080017d4        0x4 Drivers/STM32F4xx_HAL_Driver/stm32f4xx_hal_tim.o
                0x080017d4                HAL_TIM_IC_CaptureCallback
 .text.HAL_TIM_PWM_PulseFinishedCallback
                0x080017d8        0x4 Drivers/STM32F4xx_HAL_Driver/stm32f4xx_hal_tim.o
                0x080017d8                HAL_TIM_PWM_PulseFinishedCallback
 .text.HAL_TIM_TriggerCallback
                0x080017dc        0x4 Drivers/STM32F4xx_HAL_Driver/stm32f4xx_hal_tim.o
                0x080017dc                HAL_TIM_TriggerCallback
 .text.HAL_TIM_IRQHandler
                0x080017e0      0x174 Drivers/STM32F4xx_HAL_Driver/stm32f4xx_hal_tim.o
                0x080017e0                HAL_TIM_IRQHandler
 .text.TIM_Base_SetConfig
                0x08001954       0x98 Drivers/STM32F4xx_HAL_Driver/stm32f4xx_hal_tim.o
                0x08001954                TIM_Base_SetConfig
 .text.HAL_TIM_Base_Init
                0x080019ec       0x38 Drivers/STM32F4xx_HAL_Driver/stm32f4xx_hal_tim.o
                0x080019ec                HAL_TIM_Base_Init
 .text.HAL_TIMEx_CommutCallback
                0x08001a24        0x4 Drivers/STM32F4xx_HAL_Driver/stm32f4xx_hal_tim_ex.o
                0x08001a24                HAL_TIMEx_CommutCallback
 .text.HAL_TIMEx_BreakCallback
                0x08001a28        0x4 Drivers/STM32F4xx_HAL_Driver/stm32f4xx_hal_tim_ex.o
                0x08001a28                HAL_TIMEx_BreakCallback
 .text.UART_EndRxTransfer
                0x08001a2c       0x1c Drivers/STM32F4xx_HAL_Driver/stm32f4xx_hal_uart.o
 .text.UART_Transmit_IT
                0x08001a48       0x6c Drivers/STM32F4xx_HAL_Driver/stm32f4xx_hal_uart.o
 .text.UART_SetConfig
                0x08001ab4      0x1d0 Drivers/STM32F4xx_HAL_Driver/stm32f4xx_hal_uart.o
 .text.HAL_UART_Init
                0x08001c84       0x64 Drivers/STM32F4xx_HAL_Driver/stm32f4xx_hal_uart.o
                0x08001c84                HAL_UART_Init
 .text.HAL_UART_Transmit_IT
                0x08001ce8       0x48 Drivers/STM32F4xx_HAL_Driver/stm32f4xx_hal_uart.o
                0x08001ce8                HAL_UART_Transmit_IT
 .text.HAL_UART_TxCpltCallback
                0x08001d30        0x4 Drivers/STM32F4xx_HAL_Driver/stm32f4xx_hal_uart.o
                0x08001d30                HAL_UART_TxCpltCallback
 .text.UART_EndTransmit_IT
                0x08001d34       0x1c Drivers/STM32F4xx_HAL_Driver/stm32f4xx_hal_uart.o
 .text.HAL_UART_RxCpltCallback
                0x08001d50        0x4 Drivers/STM32F4xx_HAL_Driver/stm32f4xx_hal_uart.o
                0x08001d50                HAL_UART_RxCpltCallback
 .text.UART_Receive_IT
                0x08001d54       0xa0 Drivers/STM32F4xx_HAL_Driver/stm32f4xx_hal_uart.o
 .text.HAL_UART_ErrorCallback
                0x08001df4        0x4 Drivers/STM32F4xx_HAL_Driver/stm32f4xx_hal_uart.o
                0x08001df4                HAL_UART_ErrorCallback
 .text.HAL_UART_IRQHandler
                0x08001df8      0x124 Drivers/STM32F4xx_HAL_Driver/stm32f4xx_hal_uart.o
                0x08001df8                HAL_UART_IRQHandler
 .text.UART_DMAAbortOnError
                0x08001f1c       0x10 Drivers/STM32F4xx_HAL_Driver/stm32f4xx_hal_uart.o
 .text.__errno  0x08001f2c        0xc c:/users/adria/.p2/pool/plugins/fr.ac6.mcu.externaltools.arm-none.win32_1.13.2.201703061525/tools/compiler/bin/../lib/gcc/arm-none-eabi/5.4.1/../../../../arm-none-eabi/lib/armv7e-m/fpu\libc_nano.a(lib_a-errno.o)
                0x08001f2c                __errno
 .text.__libc_init_array
                0x08001f38       0x4c c:/users/adria/.p2/pool/plugins/fr.ac6.mcu.externaltools.arm-none.win32_1.13.2.201703061525/tools/compiler/bin/../lib/gcc/arm-none-eabi/5.4.1/../../../../arm-none-eabi/lib/armv7e-m/fpu\libc_nano.a(lib_a-init.o)
                0x08001f38                __libc_init_array
 .text.memset   0x08001f84       0x10 c:/users/adria/.p2/pool/plugins/fr.ac6.mcu.externaltools.arm-none.win32_1.13.2.201703061525/tools/compiler/bin/../lib/gcc/arm-none-eabi/5.4.1/../../../../arm-none-eabi/lib/armv7e-m/fpu\libc_nano.a(lib_a-memset.o)
                0x08001f84                memset
 .text.sprintf  0x08001f94       0x48 c:/users/adria/.p2/pool/plugins/fr.ac6.mcu.externaltools.arm-none.win32_1.13.2.201703061525/tools/compiler/bin/../lib/gcc/arm-none-eabi/5.4.1/../../../../arm-none-eabi/lib/armv7e-m/fpu\libc_nano.a(lib_a-sprintf.o)
                0x08001f94                siprintf
                0x08001f94                sprintf
 .text.__ssputs_r
                0x08001fdc       0xb2 c:/users/adria/.p2/pool/plugins/fr.ac6.mcu.externaltools.arm-none.win32_1.13.2.201703061525/tools/compiler/bin/../lib/gcc/arm-none-eabi/5.4.1/../../../../arm-none-eabi/lib/armv7e-m/fpu\libc_nano.a(lib_a-nano-svfprintf.o)
                0x08001fdc                __ssputs_r
 *fill*         0x0800208e        0x2 
 .text._svfprintf_r
                0x08002090      0x1e8 c:/users/adria/.p2/pool/plugins/fr.ac6.mcu.externaltools.arm-none.win32_1.13.2.201703061525/tools/compiler/bin/../lib/gcc/arm-none-eabi/5.4.1/../../../../arm-none-eabi/lib/armv7e-m/fpu\libc_nano.a(lib_a-nano-svfprintf.o)
                0x08002090                _svfiprintf_r
                0x08002090                _svfprintf_r
 .text._printf_common
                0x08002278       0xec c:/users/adria/.p2/pool/plugins/fr.ac6.mcu.externaltools.arm-none.win32_1.13.2.201703061525/tools/compiler/bin/../lib/gcc/arm-none-eabi/5.4.1/../../../../arm-none-eabi/lib/armv7e-m/fpu\libc_nano.a(lib_a-nano-vfprintf_i.o)
                0x08002278                _printf_common
 .text._printf_i
                0x08002364      0x24c c:/users/adria/.p2/pool/plugins/fr.ac6.mcu.externaltools.arm-none.win32_1.13.2.201703061525/tools/compiler/bin/../lib/gcc/arm-none-eabi/5.4.1/../../../../arm-none-eabi/lib/armv7e-m/fpu\libc_nano.a(lib_a-nano-vfprintf_i.o)
                0x08002364                _printf_i
 .text.memcpy   0x080025b0       0x16 c:/users/adria/.p2/pool/plugins/fr.ac6.mcu.externaltools.arm-none.win32_1.13.2.201703061525/tools/compiler/bin/../lib/gcc/arm-none-eabi/5.4.1/../../../../arm-none-eabi/lib/armv7e-m/fpu\libc_nano.a(lib_a-memcpy-stub.o)
                0x080025b0                memcpy
 .text.memmove  0x080025c6       0x36 c:/users/adria/.p2/pool/plugins/fr.ac6.mcu.externaltools.arm-none.win32_1.13.2.201703061525/tools/compiler/bin/../lib/gcc/arm-none-eabi/5.4.1/../../../../arm-none-eabi/lib/armv7e-m/fpu\libc_nano.a(lib_a-memmove.o)
                0x080025c6                memmove
 .text._free_r  0x080025fc       0x9c c:/users/adria/.p2/pool/plugins/fr.ac6.mcu.externaltools.arm-none.win32_1.13.2.201703061525/tools/compiler/bin/../lib/gcc/arm-none-eabi/5.4.1/../../../../arm-none-eabi/lib/armv7e-m/fpu\libc_nano.a(lib_a-nano-freer.o)
                0x080025fc                _free_r
 .text._malloc_r
                0x08002698       0xbc c:/users/adria/.p2/pool/plugins/fr.ac6.mcu.externaltools.arm-none.win32_1.13.2.201703061525/tools/compiler/bin/../lib/gcc/arm-none-eabi/5.4.1/../../../../arm-none-eabi/lib/armv7e-m/fpu\libc_nano.a(lib_a-nano-mallocr.o)
                0x08002698                _malloc_r
 .text._realloc_r
                0x08002754       0x4c c:/users/adria/.p2/pool/plugins/fr.ac6.mcu.externaltools.arm-none.win32_1.13.2.201703061525/tools/compiler/bin/../lib/gcc/arm-none-eabi/5.4.1/../../../../arm-none-eabi/lib/armv7e-m/fpu\libc_nano.a(lib_a-nano-reallocr.o)
                0x08002754                _realloc_r
 .text._sbrk_r  0x080027a0       0x20 c:/users/adria/.p2/pool/plugins/fr.ac6.mcu.externaltools.arm-none.win32_1.13.2.201703061525/tools/compiler/bin/../lib/gcc/arm-none-eabi/5.4.1/../../../../arm-none-eabi/lib/armv7e-m/fpu\libc_nano.a(lib_a-sbrkr.o)
                0x080027a0                _sbrk_r
 .text.__malloc_lock
                0x080027c0        0x2 c:/users/adria/.p2/pool/plugins/fr.ac6.mcu.externaltools.arm-none.win32_1.13.2.201703061525/tools/compiler/bin/../lib/gcc/arm-none-eabi/5.4.1/../../../../arm-none-eabi/lib/armv7e-m/fpu\libc_nano.a(lib_a-mlock.o)
                0x080027c0                __malloc_lock
 .text.__malloc_unlock
                0x080027c2        0x2 c:/users/adria/.p2/pool/plugins/fr.ac6.mcu.externaltools.arm-none.win32_1.13.2.201703061525/tools/compiler/bin/../lib/gcc/arm-none-eabi/5.4.1/../../../../arm-none-eabi/lib/armv7e-m/fpu\libc_nano.a(lib_a-mlock.o)
                0x080027c2                __malloc_unlock
 .text._malloc_usable_size_r
                0x080027c4       0x14 c:/users/adria/.p2/pool/plugins/fr.ac6.mcu.externaltools.arm-none.win32_1.13.2.201703061525/tools/compiler/bin/../lib/gcc/arm-none-eabi/5.4.1/../../../../arm-none-eabi/lib/armv7e-m/fpu\libc_nano.a(lib_a-nano-msizer.o)
                0x080027c4                _malloc_usable_size_r
 *(.glue_7)
 .glue_7        0x080027d8        0x0 linker stubs
 *(.glue_7t)
 .glue_7t       0x080027d8        0x0 linker stubs
 *(.eh_frame)
 .eh_frame      0x080027d8        0x0 c:/users/adria/.p2/pool/plugins/fr.ac6.mcu.externaltools.arm-none.win32_1.13.2.201703061525/tools/compiler/bin/../lib/gcc/arm-none-eabi/5.4.1/armv7e-m/fpu/crtbegin.o
 *(.init)
 .init          0x080027d8        0x4 c:/users/adria/.p2/pool/plugins/fr.ac6.mcu.externaltools.arm-none.win32_1.13.2.201703061525/tools/compiler/bin/../lib/gcc/arm-none-eabi/5.4.1/armv7e-m/fpu/crti.o
                0x080027d8                _init
 .init          0x080027dc        0x8 c:/users/adria/.p2/pool/plugins/fr.ac6.mcu.externaltools.arm-none.win32_1.13.2.201703061525/tools/compiler/bin/../lib/gcc/arm-none-eabi/5.4.1/armv7e-m/fpu/crtn.o
 *(.fini)
 .fini          0x080027e4        0x4 c:/users/adria/.p2/pool/plugins/fr.ac6.mcu.externaltools.arm-none.win32_1.13.2.201703061525/tools/compiler/bin/../lib/gcc/arm-none-eabi/5.4.1/armv7e-m/fpu/crti.o
                0x080027e4                _fini
 .fini          0x080027e8        0x8 c:/users/adria/.p2/pool/plugins/fr.ac6.mcu.externaltools.arm-none.win32_1.13.2.201703061525/tools/compiler/bin/../lib/gcc/arm-none-eabi/5.4.1/armv7e-m/fpu/crtn.o
                0x080027f0                . = ALIGN (0x4)
                0x080027f0                _etext = .

.vfp11_veneer   0x080027f0        0x0
 .vfp11_veneer  0x080027f0        0x0 linker stubs

.v4_bx          0x080027f0        0x0
 .v4_bx         0x080027f0        0x0 linker stubs

.iplt           0x080027f0        0x0
 .iplt          0x080027f0        0x0 c:/users/adria/.p2/pool/plugins/fr.ac6.mcu.externaltools.arm-none.win32_1.13.2.201703061525/tools/compiler/bin/../lib/gcc/arm-none-eabi/5.4.1/armv7e-m/fpu/crtbegin.o

.rodata         0x080027f0      0x130
                0x080027f0                . = ALIGN (0x4)
 *(.rodata)
 .rodata        0x080027f0       0x18 Drivers/CMSIS/system_stm32f4xx.o
                0x080027f0                AHBPrescTable
                0x08002800                APBPrescTable
 *(.rodata*)
 .rodata.str1.4
                0x08002808       0xe4 Application/User/main.o
                                 0xe2 (size before relaxing)
 .rodata.str1.1
                0x080028ec       0x11 c:/users/adria/.p2/pool/plugins/fr.ac6.mcu.externaltools.arm-none.win32_1.13.2.201703061525/tools/compiler/bin/../lib/gcc/arm-none-eabi/5.4.1/../../../../arm-none-eabi/lib/armv7e-m/fpu\libc_nano.a(lib_a-nano-svfprintf.o)
 .rodata.str1.1
                0x080028fd       0x22 c:/users/adria/.p2/pool/plugins/fr.ac6.mcu.externaltools.arm-none.win32_1.13.2.201703061525/tools/compiler/bin/../lib/gcc/arm-none-eabi/5.4.1/../../../../arm-none-eabi/lib/armv7e-m/fpu\libc_nano.a(lib_a-nano-vfprintf_i.o)
                0x08002920                . = ALIGN (0x4)
 *fill*         0x0800291f        0x1 

.ARM.extab
 *(.ARM.extab* .gnu.linkonce.armextab.*)

.ARM            0x08002920        0x8
                0x08002920                __exidx_start = .
 *(.ARM.exidx*)
 .ARM.exidx     0x08002920        0x8 c:/users/adria/.p2/pool/plugins/fr.ac6.mcu.externaltools.arm-none.win32_1.13.2.201703061525/tools/compiler/bin/../lib/gcc/arm-none-eabi/5.4.1/armv7e-m/fpu\libgcc.a(_udivmoddi4.o)
                0x08002928                __exidx_end = .

.rel.dyn        0x08002928        0x0
 .rel.iplt      0x08002928        0x0 c:/users/adria/.p2/pool/plugins/fr.ac6.mcu.externaltools.arm-none.win32_1.13.2.201703061525/tools/compiler/bin/../lib/gcc/arm-none-eabi/5.4.1/armv7e-m/fpu/crtbegin.o

.preinit_array  0x08002928        0x0
                0x08002928                PROVIDE (__preinit_array_start, .)
 *(.preinit_array*)
                0x08002928                PROVIDE (__preinit_array_end, .)

.init_array     0x08002928        0x4
                0x08002928                PROVIDE (__init_array_start, .)
 *(SORT(.init_array.*))
 *(.init_array*)
 .init_array    0x08002928        0x4 c:/users/adria/.p2/pool/plugins/fr.ac6.mcu.externaltools.arm-none.win32_1.13.2.201703061525/tools/compiler/bin/../lib/gcc/arm-none-eabi/5.4.1/armv7e-m/fpu/crtbegin.o
                0x0800292c                PROVIDE (__init_array_end, .)

.fini_array     0x0800292c        0x4
                [!provide]                PROVIDE (__fini_array_start, .)
 *(SORT(.fini_array.*))
 *(.fini_array*)
 .fini_array    0x0800292c        0x4 c:/users/adria/.p2/pool/plugins/fr.ac6.mcu.externaltools.arm-none.win32_1.13.2.201703061525/tools/compiler/bin/../lib/gcc/arm-none-eabi/5.4.1/armv7e-m/fpu/crtbegin.o
                [!provide]                PROVIDE (__fini_array_end, .)
                0x08002930                _sidata = LOADADDR (.data)

.data           0x20000000       0x74 load address 0x08002930
                0x20000000                . = ALIGN (0x4)
                0x20000000                _sdata = .
 *(.data)
 .data          0x20000000        0x1 Application/User/main.o
                0x20000000                character
 *fill*         0x20000001        0x3 
 .data          0x20000004        0x4 Drivers/CMSIS/system_stm32f4xx.o
                0x20000004                SystemCoreClock
 .data          0x20000008        0x8 Drivers/STM32F4xx_HAL_Driver/stm32f4xx_hal.o
                0x20000008                uwTickFreq
                0x2000000c                uwTickPrio
 *(.data*)
 .data.impure_data
                0x20000010       0x60 c:/users/adria/.p2/pool/plugins/fr.ac6.mcu.externaltools.arm-none.win32_1.13.2.201703061525/tools/compiler/bin/../lib/gcc/arm-none-eabi/5.4.1/../../../../arm-none-eabi/lib/armv7e-m/fpu\libc_nano.a(lib_a-impure.o)
 .data._impure_ptr
                0x20000070        0x4 c:/users/adria/.p2/pool/plugins/fr.ac6.mcu.externaltools.arm-none.win32_1.13.2.201703061525/tools/compiler/bin/../lib/gcc/arm-none-eabi/5.4.1/../../../../arm-none-eabi/lib/armv7e-m/fpu\libc_nano.a(lib_a-impure.o)
                0x20000070                _impure_ptr
                0x20000074                . = ALIGN (0x4)
                0x20000074                _edata = .

.jcr            0x20000074        0x0 load address 0x080029a4
 .jcr           0x20000074        0x0 c:/users/adria/.p2/pool/plugins/fr.ac6.mcu.externaltools.arm-none.win32_1.13.2.201703061525/tools/compiler/bin/../lib/gcc/arm-none-eabi/5.4.1/armv7e-m/fpu/crtbegin.o

.igot.plt       0x20000074        0x0 load address 0x080029a4
 .igot.plt      0x20000074        0x0 c:/users/adria/.p2/pool/plugins/fr.ac6.mcu.externaltools.arm-none.win32_1.13.2.201703061525/tools/compiler/bin/../lib/gcc/arm-none-eabi/5.4.1/armv7e-m/fpu/crtbegin.o
                0x20000074                . = ALIGN (0x4)

.bss            0x20000074       0xf4 load address 0x080029a4
                0x20000074                _sbss = .
                0x20000074                __bss_start__ = _sbss
 *(.bss)
 .bss           0x20000074       0x1c c:/users/adria/.p2/pool/plugins/fr.ac6.mcu.externaltools.arm-none.win32_1.13.2.201703061525/tools/compiler/bin/../lib/gcc/arm-none-eabi/5.4.1/armv7e-m/fpu/crtbegin.o
 .bss           0x20000090        0x8 Application/SW4STM32/syscalls.o
                0x20000094                __env
 .bss           0x20000098        0x4 Application/User/main.o
                0x20000098                toSendFlag
                0x20000099                spaceFlag
                0x2000009a                size
 *(.bss*)
 .bss.__malloc_sbrk_start
                0x2000009c        0x4 c:/users/adria/.p2/pool/plugins/fr.ac6.mcu.externaltools.arm-none.win32_1.13.2.201703061525/tools/compiler/bin/../lib/gcc/arm-none-eabi/5.4.1/../../../../arm-none-eabi/lib/armv7e-m/fpu\libc_nano.a(lib_a-nano-mallocr.o)
                0x2000009c                __malloc_sbrk_start
 .bss.__malloc_free_list
                0x200000a0        0x4 c:/users/adria/.p2/pool/plugins/fr.ac6.mcu.externaltools.arm-none.win32_1.13.2.201703061525/tools/compiler/bin/../lib/gcc/arm-none-eabi/5.4.1/../../../../arm-none-eabi/lib/armv7e-m/fpu\libc_nano.a(lib_a-nano-mallocr.o)
                0x200000a0                __malloc_free_list
 *(COMMON)
 COMMON         0x200000a4       0xbc Application/User/main.o
                0x200000a4                buttonOnTime
                0x200000a8                buttonOffTime
                0x200000ac                htim11
                0x200000ec                data
                0x20000120                huart2
 COMMON         0x20000160        0x4 Drivers/STM32F4xx_HAL_Driver/stm32f4xx_hal.o
                0x20000160                uwTick
 COMMON         0x20000164        0x4 c:/users/adria/.p2/pool/plugins/fr.ac6.mcu.externaltools.arm-none.win32_1.13.2.201703061525/tools/compiler/bin/../lib/gcc/arm-none-eabi/5.4.1/../../../../arm-none-eabi/lib/armv7e-m/fpu\libc_nano.a(lib_a-reent.o)
                0x20000164                errno
                0x20000168                . = ALIGN (0x4)
                0x20000168                _ebss = .
                0x20000168                __bss_end__ = _ebss

._user_heap_stack
                0x20000168      0x600 load address 0x080029a4
                0x20000168                . = ALIGN (0x8)
                0x20000168                PROVIDE (end, .)
                [!provide]                PROVIDE (_end, .)
                0x20000368                . = (. + _Min_Heap_Size)
 *fill*         0x20000168      0x200 
                0x20000768                . = (. + _Min_Stack_Size)
 *fill*         0x20000368      0x400 
                0x20000768                . = ALIGN (0x8)

/DISCARD/
 libc.a(*)
 libm.a(*)
 libgcc.a(*)

.ARM.attributes
                0x00000000       0x30
 *(.ARM.attributes)
 .ARM.attributes
                0x00000000       0x22 c:/users/adria/.p2/pool/plugins/fr.ac6.mcu.externaltools.arm-none.win32_1.13.2.201703061525/tools/compiler/bin/../lib/gcc/arm-none-eabi/5.4.1/armv7e-m/fpu/crti.o
 .ARM.attributes
                0x00000022       0x34 c:/users/adria/.p2/pool/plugins/fr.ac6.mcu.externaltools.arm-none.win32_1.13.2.201703061525/tools/compiler/bin/../lib/gcc/arm-none-eabi/5.4.1/armv7e-m/fpu/crtbegin.o
 .ARM.attributes
                0x00000056       0x21 Application/SW4STM32/startup_stm32f401xe.o
 .ARM.attributes
                0x00000077       0x39 Application/SW4STM32/syscalls.o
 .ARM.attributes
                0x000000b0       0x39 Application/User/main.o
 .ARM.attributes
                0x000000e9       0x39 Application/User/stm32f4xx_hal_msp.o
 .ARM.attributes
                0x00000122       0x39 Application/User/stm32f4xx_it.o
 .ARM.attributes
                0x0000015b       0x39 Drivers/CMSIS/system_stm32f4xx.o
 .ARM.attributes
                0x00000194       0x39 Drivers/STM32F4xx_HAL_Driver/stm32f4xx_hal.o
 .ARM.attributes
                0x000001cd       0x39 Drivers/STM32F4xx_HAL_Driver/stm32f4xx_hal_cortex.o
 .ARM.attributes
                0x00000206       0x39 Drivers/STM32F4xx_HAL_Driver/stm32f4xx_hal_dma.o
 .ARM.attributes
                0x0000023f       0x39 Drivers/STM32F4xx_HAL_Driver/stm32f4xx_hal_gpio.o
 .ARM.attributes
                0x00000278       0x39 Drivers/STM32F4xx_HAL_Driver/stm32f4xx_hal_rcc.o
 .ARM.attributes
                0x000002b1       0x39 Drivers/STM32F4xx_HAL_Driver/stm32f4xx_hal_tim.o
 .ARM.attributes
                0x000002ea       0x39 Drivers/STM32F4xx_HAL_Driver/stm32f4xx_hal_tim_ex.o
 .ARM.attributes
                0x00000323       0x39 Drivers/STM32F4xx_HAL_Driver/stm32f4xx_hal_uart.o
 .ARM.attributes
                0x0000035c       0x22 c:/users/adria/.p2/pool/plugins/fr.ac6.mcu.externaltools.arm-none.win32_1.13.2.201703061525/tools/compiler/bin/../lib/gcc/arm-none-eabi/5.4.1/armv7e-m/fpu\libgcc.a(_aeabi_uldivmod.o)
 .ARM.attributes
                0x0000037e       0x34 c:/users/adria/.p2/pool/plugins/fr.ac6.mcu.externaltools.arm-none.win32_1.13.2.201703061525/tools/compiler/bin/../lib/gcc/arm-none-eabi/5.4.1/armv7e-m/fpu\libgcc.a(_udivmoddi4.o)
 .ARM.attributes
                0x000003b2       0x22 c:/users/adria/.p2/pool/plugins/fr.ac6.mcu.externaltools.arm-none.win32_1.13.2.201703061525/tools/compiler/bin/../lib/gcc/arm-none-eabi/5.4.1/armv7e-m/fpu\libgcc.a(_dvmd_tls.o)
 .ARM.attributes
                0x000003d4       0x34 c:/users/adria/.p2/pool/plugins/fr.ac6.mcu.externaltools.arm-none.win32_1.13.2.201703061525/tools/compiler/bin/../lib/gcc/arm-none-eabi/5.4.1/../../../../arm-none-eabi/lib/armv7e-m/fpu\libc_nano.a(lib_a-errno.o)
 .ARM.attributes
                0x00000408       0x34 c:/users/adria/.p2/pool/plugins/fr.ac6.mcu.externaltools.arm-none.win32_1.13.2.201703061525/tools/compiler/bin/../lib/gcc/arm-none-eabi/5.4.1/../../../../arm-none-eabi/lib/armv7e-m/fpu\libc_nano.a(lib_a-impure.o)
 .ARM.attributes
                0x0000043c       0x34 c:/users/adria/.p2/pool/plugins/fr.ac6.mcu.externaltools.arm-none.win32_1.13.2.201703061525/tools/compiler/bin/../lib/gcc/arm-none-eabi/5.4.1/../../../../arm-none-eabi/lib/armv7e-m/fpu\libc_nano.a(lib_a-init.o)
 .ARM.attributes
                0x00000470       0x34 c:/users/adria/.p2/pool/plugins/fr.ac6.mcu.externaltools.arm-none.win32_1.13.2.201703061525/tools/compiler/bin/../lib/gcc/arm-none-eabi/5.4.1/../../../../arm-none-eabi/lib/armv7e-m/fpu\libc_nano.a(lib_a-memset.o)
 .ARM.attributes
                0x000004a4       0x34 c:/users/adria/.p2/pool/plugins/fr.ac6.mcu.externaltools.arm-none.win32_1.13.2.201703061525/tools/compiler/bin/../lib/gcc/arm-none-eabi/5.4.1/../../../../arm-none-eabi/lib/armv7e-m/fpu\libc_nano.a(lib_a-sprintf.o)
 .ARM.attributes
                0x000004d8       0x34 c:/users/adria/.p2/pool/plugins/fr.ac6.mcu.externaltools.arm-none.win32_1.13.2.201703061525/tools/compiler/bin/../lib/gcc/arm-none-eabi/5.4.1/../../../../arm-none-eabi/lib/armv7e-m/fpu\libc_nano.a(lib_a-nano-svfprintf.o)
 .ARM.attributes
                0x0000050c       0x34 c:/users/adria/.p2/pool/plugins/fr.ac6.mcu.externaltools.arm-none.win32_1.13.2.201703061525/tools/compiler/bin/../lib/gcc/arm-none-eabi/5.4.1/../../../../arm-none-eabi/lib/armv7e-m/fpu\libc_nano.a(lib_a-nano-vfprintf_i.o)
 .ARM.attributes
                0x00000540       0x20 c:/users/adria/.p2/pool/plugins/fr.ac6.mcu.externaltools.arm-none.win32_1.13.2.201703061525/tools/compiler/bin/../lib/gcc/arm-none-eabi/5.4.1/../../../../arm-none-eabi/lib/armv7e-m/fpu\libc_nano.a(lib_a-memchr.o)
 .ARM.attributes
                0x00000560       0x34 c:/users/adria/.p2/pool/plugins/fr.ac6.mcu.externaltools.arm-none.win32_1.13.2.201703061525/tools/compiler/bin/../lib/gcc/arm-none-eabi/5.4.1/../../../../arm-none-eabi/lib/armv7e-m/fpu\libc_nano.a(lib_a-memcpy-stub.o)
 .ARM.attributes
                0x00000594       0x34 c:/users/adria/.p2/pool/plugins/fr.ac6.mcu.externaltools.arm-none.win32_1.13.2.201703061525/tools/compiler/bin/../lib/gcc/arm-none-eabi/5.4.1/../../../../arm-none-eabi/lib/armv7e-m/fpu\libc_nano.a(lib_a-memmove.o)
 .ARM.attributes
                0x000005c8       0x34 c:/users/adria/.p2/pool/plugins/fr.ac6.mcu.externaltools.arm-none.win32_1.13.2.201703061525/tools/compiler/bin/../lib/gcc/arm-none-eabi/5.4.1/../../../../arm-none-eabi/lib/armv7e-m/fpu\libc_nano.a(lib_a-nano-freer.o)
 .ARM.attributes
                0x000005fc       0x34 c:/users/adria/.p2/pool/plugins/fr.ac6.mcu.externaltools.arm-none.win32_1.13.2.201703061525/tools/compiler/bin/../lib/gcc/arm-none-eabi/5.4.1/../../../../arm-none-eabi/lib/armv7e-m/fpu\libc_nano.a(lib_a-nano-mallocr.o)
 .ARM.attributes
                0x00000630       0x34 c:/users/adria/.p2/pool/plugins/fr.ac6.mcu.externaltools.arm-none.win32_1.13.2.201703061525/tools/compiler/bin/../lib/gcc/arm-none-eabi/5.4.1/../../../../arm-none-eabi/lib/armv7e-m/fpu\libc_nano.a(lib_a-nano-reallocr.o)
 .ARM.attributes
                0x00000664       0x34 c:/users/adria/.p2/pool/plugins/fr.ac6.mcu.externaltools.arm-none.win32_1.13.2.201703061525/tools/compiler/bin/../lib/gcc/arm-none-eabi/5.4.1/../../../../arm-none-eabi/lib/armv7e-m/fpu\libc_nano.a(lib_a-sbrkr.o)
 .ARM.attributes
                0x00000698       0x34 c:/users/adria/.p2/pool/plugins/fr.ac6.mcu.externaltools.arm-none.win32_1.13.2.201703061525/tools/compiler/bin/../lib/gcc/arm-none-eabi/5.4.1/../../../../arm-none-eabi/lib/armv7e-m/fpu\libc_nano.a(lib_a-mlock.o)
 .ARM.attributes
                0x000006cc       0x34 c:/users/adria/.p2/pool/plugins/fr.ac6.mcu.externaltools.arm-none.win32_1.13.2.201703061525/tools/compiler/bin/../lib/gcc/arm-none-eabi/5.4.1/../../../../arm-none-eabi/lib/armv7e-m/fpu\libc_nano.a(lib_a-nano-msizer.o)
 .ARM.attributes
                0x00000700       0x34 c:/users/adria/.p2/pool/plugins/fr.ac6.mcu.externaltools.arm-none.win32_1.13.2.201703061525/tools/compiler/bin/../lib/gcc/arm-none-eabi/5.4.1/../../../../arm-none-eabi/lib/armv7e-m/fpu\libc_nano.a(lib_a-reent.o)
 .ARM.attributes
                0x00000734       0x22 c:/users/adria/.p2/pool/plugins/fr.ac6.mcu.externaltools.arm-none.win32_1.13.2.201703061525/tools/compiler/bin/../lib/gcc/arm-none-eabi/5.4.1/armv7e-m/fpu/crtn.o
OUTPUT(morseTranslator.elf elf32-littlearm)

.debug_line     0x00000000     0x889a
 .debug_line    0x00000000       0xaf Application/SW4STM32/startup_stm32f401xe.o
 .debug_line    0x000000af      0x5ea Application/SW4STM32/syscalls.o
 .debug_line    0x00000699      0x85d Application/User/main.o
 .debug_line    0x00000ef6      0x779 Application/User/stm32f4xx_hal_msp.o
 .debug_line    0x0000166f      0x7de Application/User/stm32f4xx_it.o
 .debug_line    0x00001e4d      0x736 Drivers/CMSIS/system_stm32f4xx.o
 .debug_line    0x00002583      0x916 Drivers/STM32F4xx_HAL_Driver/stm32f4xx_hal.o
 .debug_line    0x00002e99      0x934 Drivers/STM32F4xx_HAL_Driver/stm32f4xx_hal_cortex.o
 .debug_line    0x000037cd      0xa28 Drivers/STM32F4xx_HAL_Driver/stm32f4xx_hal_dma.o
 .debug_line    0x000041f5      0x87d Drivers/STM32F4xx_HAL_Driver/stm32f4xx_hal_gpio.o
 .debug_line    0x00004a72      0x9bc Drivers/STM32F4xx_HAL_Driver/stm32f4xx_hal_rcc.o
 .debug_line    0x0000542e     0x1758 Drivers/STM32F4xx_HAL_Driver/stm32f4xx_hal_tim.o
 .debug_line    0x00006b86      0xd23 Drivers/STM32F4xx_HAL_Driver/stm32f4xx_hal_tim_ex.o
 .debug_line    0x000078a9      0xff1 Drivers/STM32F4xx_HAL_Driver/stm32f4xx_hal_uart.o

.debug_info     0x00000000     0xc6a7
 .debug_info    0x00000000       0xc8 Application/SW4STM32/startup_stm32f401xe.o
 .debug_info    0x000000c8      0x76f Application/SW4STM32/syscalls.o
 .debug_info    0x00000837     0x12fc Application/User/main.o
 .debug_info    0x00001b33      0xe41 Application/User/stm32f4xx_hal_msp.o
 .debug_info    0x00002974      0x8e6 Application/User/stm32f4xx_it.o
 .debug_info    0x0000325a      0x51f Drivers/CMSIS/system_stm32f4xx.o
 .debug_info    0x00003779      0x909 Drivers/STM32F4xx_HAL_Driver/stm32f4xx_hal.o
 .debug_info    0x00004082      0xe73 Drivers/STM32F4xx_HAL_Driver/stm32f4xx_hal_cortex.o
 .debug_info    0x00004ef5      0xa4d Drivers/STM32F4xx_HAL_Driver/stm32f4xx_hal_dma.o
 .debug_info    0x00005942      0x740 Drivers/STM32F4xx_HAL_Driver/stm32f4xx_hal_gpio.o
 .debug_info    0x00006082      0xa72 Drivers/STM32F4xx_HAL_Driver/stm32f4xx_hal_rcc.o
 .debug_info    0x00006af4     0x3123 Drivers/STM32F4xx_HAL_Driver/stm32f4xx_hal_tim.o
 .debug_info    0x00009c17     0x141e Drivers/STM32F4xx_HAL_Driver/stm32f4xx_hal_tim_ex.o
 .debug_info    0x0000b035     0x1672 Drivers/STM32F4xx_HAL_Driver/stm32f4xx_hal_uart.o

.debug_abbrev   0x00000000     0x1b14
 .debug_abbrev  0x00000000       0x12 Application/SW4STM32/startup_stm32f401xe.o
 .debug_abbrev  0x00000012      0x1a1 Application/SW4STM32/syscalls.o
 .debug_abbrev  0x000001b3      0x29c Application/User/main.o
 .debug_abbrev  0x0000044f      0x1ad Application/User/stm32f4xx_hal_msp.o
 .debug_abbrev  0x000005fc      0x1bd Application/User/stm32f4xx_it.o
 .debug_abbrev  0x000007b9      0x102 Drivers/CMSIS/system_stm32f4xx.o
 .debug_abbrev  0x000008bb      0x218 Drivers/STM32F4xx_HAL_Driver/stm32f4xx_hal.o
 .debug_abbrev  0x00000ad3      0x2fc Drivers/STM32F4xx_HAL_Driver/stm32f4xx_hal_cortex.o
 .debug_abbrev  0x00000dcf      0x254 Drivers/STM32F4xx_HAL_Driver/stm32f4xx_hal_dma.o
 .debug_abbrev  0x00001023      0x1da Drivers/STM32F4xx_HAL_Driver/stm32f4xx_hal_gpio.o
 .debug_abbrev  0x000011fd      0x26f Drivers/STM32F4xx_HAL_Driver/stm32f4xx_hal_rcc.o
 .debug_abbrev  0x0000146c      0x217 Drivers/STM32F4xx_HAL_Driver/stm32f4xx_hal_tim.o
 .debug_abbrev  0x00001683      0x228 Drivers/STM32F4xx_HAL_Driver/stm32f4xx_hal_tim_ex.o
 .debug_abbrev  0x000018ab      0x269 Drivers/STM32F4xx_HAL_Driver/stm32f4xx_hal_uart.o

.debug_aranges  0x00000000      0xbe8
 .debug_aranges
                0x00000000       0x28 Application/SW4STM32/startup_stm32f401xe.o
 .debug_aranges
                0x00000028       0xb0 Application/SW4STM32/syscalls.o
 .debug_aranges
                0x000000d8       0x60 Application/User/main.o
 .debug_aranges
                0x00000138       0x40 Application/User/stm32f4xx_hal_msp.o
 .debug_aranges
                0x00000178       0x78 Application/User/stm32f4xx_it.o
 .debug_aranges
                0x000001f0       0x28 Drivers/CMSIS/system_stm32f4xx.o
 .debug_aranges
                0x00000218       0xf0 Drivers/STM32F4xx_HAL_Driver/stm32f4xx_hal.o
 .debug_aranges
                0x00000308       0xa8 Drivers/STM32F4xx_HAL_Driver/stm32f4xx_hal_cortex.o
 .debug_aranges
                0x000003b0       0x90 Drivers/STM32F4xx_HAL_Driver/stm32f4xx_hal_dma.o
 .debug_aranges
                0x00000440       0x58 Drivers/STM32F4xx_HAL_Driver/stm32f4xx_hal_gpio.o
 .debug_aranges
                0x00000498       0x88 Drivers/STM32F4xx_HAL_Driver/stm32f4xx_hal_rcc.o
 .debug_aranges
                0x00000520      0x3a8 Drivers/STM32F4xx_HAL_Driver/stm32f4xx_hal_tim.o
 .debug_aranges
                0x000008c8      0x150 Drivers/STM32F4xx_HAL_Driver/stm32f4xx_hal_tim_ex.o
 .debug_aranges
                0x00000a18      0x1d0 Drivers/STM32F4xx_HAL_Driver/stm32f4xx_hal_uart.o

.debug_ranges   0x00000000      0xb28
 .debug_ranges  0x00000000       0x20 Application/SW4STM32/startup_stm32f401xe.o
 .debug_ranges  0x00000020       0xa0 Application/SW4STM32/syscalls.o
 .debug_ranges  0x000000c0       0x50 Application/User/main.o
 .debug_ranges  0x00000110       0x30 Application/User/stm32f4xx_hal_msp.o
 .debug_ranges  0x00000140       0x68 Application/User/stm32f4xx_it.o
 .debug_ranges  0x000001a8       0x18 Drivers/CMSIS/system_stm32f4xx.o
 .debug_ranges  0x000001c0       0xe0 Drivers/STM32F4xx_HAL_Driver/stm32f4xx_hal.o
 .debug_ranges  0x000002a0       0x98 Drivers/STM32F4xx_HAL_Driver/stm32f4xx_hal_cortex.o
 .debug_ranges  0x00000338       0x80 Drivers/STM32F4xx_HAL_Driver/stm32f4xx_hal_dma.o
 .debug_ranges  0x000003b8       0x48 Drivers/STM32F4xx_HAL_Driver/stm32f4xx_hal_gpio.o
 .debug_ranges  0x00000400       0x90 Drivers/STM32F4xx_HAL_Driver/stm32f4xx_hal_rcc.o
 .debug_ranges  0x00000490      0x398 Drivers/STM32F4xx_HAL_Driver/stm32f4xx_hal_tim.o
 .debug_ranges  0x00000828      0x140 Drivers/STM32F4xx_HAL_Driver/stm32f4xx_hal_tim_ex.o
 .debug_ranges  0x00000968      0x1c0 Drivers/STM32F4xx_HAL_Driver/stm32f4xx_hal_uart.o

.debug_loc      0x00000000     0x7b74
 .debug_loc     0x00000000      0x3a2 Application/SW4STM32/syscalls.o
 .debug_loc     0x000003a2      0x2c8 Application/User/main.o
 .debug_loc     0x0000066a       0x8f Application/User/stm32f4xx_hal_msp.o
 .debug_loc     0x000006f9      0x132 Drivers/CMSIS/system_stm32f4xx.o
 .debug_loc     0x0000082b      0x11b Drivers/STM32F4xx_HAL_Driver/stm32f4xx_hal.o
 .debug_loc     0x00000946      0x548 Drivers/STM32F4xx_HAL_Driver/stm32f4xx_hal_cortex.o
 .debug_loc     0x00000e8e      0x9dc Drivers/STM32F4xx_HAL_Driver/stm32f4xx_hal_dma.o
 .debug_loc     0x0000186a      0x393 Drivers/STM32F4xx_HAL_Driver/stm32f4xx_hal_gpio.o
 .debug_loc     0x00001bfd      0x4c3 Drivers/STM32F4xx_HAL_Driver/stm32f4xx_hal_rcc.o
 .debug_loc     0x000020c0     0x379e Drivers/STM32F4xx_HAL_Driver/stm32f4xx_hal_tim.o
 .debug_loc     0x0000585e      0xfe6 Drivers/STM32F4xx_HAL_Driver/stm32f4xx_hal_tim_ex.o
 .debug_loc     0x00006844     0x1330 Drivers/STM32F4xx_HAL_Driver/stm32f4xx_hal_uart.o

.debug_macro    0x00000000    0x16535
 .debug_macro   0x00000000      0x22b Application/SW4STM32/syscalls.o
 .debug_macro   0x0000022b      0x88c Application/SW4STM32/syscalls.o
 .debug_macro   0x00000ab7       0x22 Application/SW4STM32/syscalls.o
 .debug_macro   0x00000ad9       0x4c Application/SW4STM32/syscalls.o
 .debug_macro   0x00000b25       0x8d Application/SW4STM32/syscalls.o
 .debug_macro   0x00000bb2       0x35 Application/SW4STM32/syscalls.o
 .debug_macro   0x00000be7       0x9c Application/SW4STM32/syscalls.o
 .debug_macro   0x00000c83       0x4a Application/SW4STM32/syscalls.o
 .debug_macro   0x00000ccd      0x174 Application/SW4STM32/syscalls.o
 .debug_macro   0x00000e41      0x30d Application/SW4STM32/syscalls.o
 .debug_macro   0x0000114e       0x52 Application/SW4STM32/syscalls.o
 .debug_macro   0x000011a0       0x1f Application/SW4STM32/syscalls.o
 .debug_macro   0x000011bf       0x43 Application/SW4STM32/syscalls.o
 .debug_macro   0x00001202       0x20 Application/SW4STM32/syscalls.o
 .debug_macro   0x00001222      0x187 Application/SW4STM32/syscalls.o
 .debug_macro   0x000013a9       0x10 Application/SW4STM32/syscalls.o
 .debug_macro   0x000013b9       0x35 Application/SW4STM32/syscalls.o
 .debug_macro   0x000013ee       0x10 Application/SW4STM32/syscalls.o
 .debug_macro   0x000013fe       0x10 Application/SW4STM32/syscalls.o
 .debug_macro   0x0000140e       0x10 Application/SW4STM32/syscalls.o
 .debug_macro   0x0000141e       0x5e Application/SW4STM32/syscalls.o
 .debug_macro   0x0000147c       0x1c Application/SW4STM32/syscalls.o
 .debug_macro   0x00001498       0x52 Application/SW4STM32/syscalls.o
 .debug_macro   0x000014ea       0x40 Application/SW4STM32/syscalls.o
 .debug_macro   0x0000152a       0x10 Application/SW4STM32/syscalls.o
 .debug_macro   0x0000153a       0x40 Application/SW4STM32/syscalls.o
 .debug_macro   0x0000157a       0xd7 Application/SW4STM32/syscalls.o
 .debug_macro   0x00001651       0x35 Application/SW4STM32/syscalls.o
 .debug_macro   0x00001686      0x122 Application/SW4STM32/syscalls.o
 .debug_macro   0x000017a8       0x16 Application/SW4STM32/syscalls.o
 .debug_macro   0x000017be       0x16 Application/SW4STM32/syscalls.o
 .debug_macro   0x000017d4       0x29 Application/SW4STM32/syscalls.o
 .debug_macro   0x000017fd       0x10 Application/SW4STM32/syscalls.o
 .debug_macro   0x0000180d      0x241 Application/SW4STM32/syscalls.o
 .debug_macro   0x00001a4e       0x1c Application/SW4STM32/syscalls.o
 .debug_macro   0x00001a6a       0x10 Application/SW4STM32/syscalls.o
 .debug_macro   0x00001a7a       0x10 Application/SW4STM32/syscalls.o
 .debug_macro   0x00001a8a       0x16 Application/SW4STM32/syscalls.o
 .debug_macro   0x00001aa0      0x18b Application/SW4STM32/syscalls.o
 .debug_macro   0x00001c2b      0x159 Application/SW4STM32/syscalls.o
 .debug_macro   0x00001d84       0x16 Application/SW4STM32/syscalls.o
 .debug_macro   0x00001d9a       0x88 Application/SW4STM32/syscalls.o
 .debug_macro   0x00001e22      0x1d8 Application/User/main.o
 .debug_macro   0x00001ffa      0x18a Application/User/main.o
 .debug_macro   0x00002184       0x2e Application/User/main.o
 .debug_macro   0x000021b2       0x28 Application/User/main.o
 .debug_macro   0x000021da       0x87 Application/User/main.o
 .debug_macro   0x00002261       0x44 Application/User/main.o
 .debug_macro   0x000022a5       0xfd Application/User/main.o
 .debug_macro   0x000023a2      0x1df Application/User/main.o
 .debug_macro   0x00002581       0x1c Application/User/main.o
 .debug_macro   0x0000259d       0x22 Application/User/main.o
 .debug_macro   0x000025bf       0xdf Application/User/main.o
 .debug_macro   0x0000269e     0x102d Application/User/main.o
 .debug_macro   0x000036cb      0x11f Application/User/main.o
 .debug_macro   0x000037ea     0xb850 Application/User/main.o
 .debug_macro   0x0000f03a       0x43 Application/User/main.o
 .debug_macro   0x0000f07d     0x3659 Application/User/main.o
 .debug_macro   0x000126d6       0x5a Application/User/main.o
 .debug_macro   0x00012730      0x416 Application/User/main.o
 .debug_macro   0x00012b46      0x9fe Application/User/main.o
 .debug_macro   0x00013544      0x15f Application/User/main.o
 .debug_macro   0x000136a3      0x117 Application/User/main.o
 .debug_macro   0x000137ba       0xf8 Application/User/main.o
 .debug_macro   0x000138b2       0x27 Application/User/main.o
 .debug_macro   0x000138d9      0x287 Application/User/main.o
 .debug_macro   0x00013b60       0x5f Application/User/main.o
 .debug_macro   0x00013bbf      0x236 Application/User/main.o
 .debug_macro   0x00013df5      0x132 Application/User/main.o
 .debug_macro   0x00013f27      0x264 Application/User/main.o
 .debug_macro   0x0001418b       0x2e Application/User/main.o
 .debug_macro   0x000141b9      0x11a Application/User/main.o
 .debug_macro   0x000142d3       0x85 Application/User/main.o
 .debug_macro   0x00014358       0x89 Application/User/main.o
 .debug_macro   0x000143e1      0x8a0 Application/User/main.o
 .debug_macro   0x00014c81       0x47 Application/User/main.o
 .debug_macro   0x00014cc8      0x287 Application/User/main.o
 .debug_macro   0x00014f4f      0x126 Application/User/main.o
 .debug_macro   0x00015075      0x1d8 Application/User/stm32f4xx_hal_msp.o
 .debug_macro   0x0001524d      0x1e2 Application/User/stm32f4xx_it.o
 .debug_macro   0x0001542f      0x1d4 Drivers/CMSIS/system_stm32f4xx.o
 .debug_macro   0x00015603      0x22e Drivers/STM32F4xx_HAL_Driver/stm32f4xx_hal.o
 .debug_macro   0x00015831      0x1ce Drivers/STM32F4xx_HAL_Driver/stm32f4xx_hal_cortex.o
 .debug_macro   0x000159ff      0x1d4 Drivers/STM32F4xx_HAL_Driver/stm32f4xx_hal_dma.o
 .debug_macro   0x00015bd3      0x204 Drivers/STM32F4xx_HAL_Driver/stm32f4xx_hal_gpio.o
 .debug_macro   0x00015dd7      0x1f2 Drivers/STM32F4xx_HAL_Driver/stm32f4xx_hal_rcc.o
 .debug_macro   0x00015fc9      0x1cf Drivers/STM32F4xx_HAL_Driver/stm32f4xx_hal_tim.o
 .debug_macro   0x00016198      0x1ce Drivers/STM32F4xx_HAL_Driver/stm32f4xx_hal_tim_ex.o
 .debug_macro   0x00016366      0x1cf Drivers/STM32F4xx_HAL_Driver/stm32f4xx_hal_uart.o

.debug_str      0x00000000    0x8bcd9
 .debug_str     0x00000000     0x7592 Application/SW4STM32/syscalls.o
                               0x776d (size before relaxing)
 .debug_str     0x00007592    0x81b3a Application/User/main.o
                              0x84a46 (size before relaxing)
 .debug_str     0x000890cc       0xf8 Application/User/stm32f4xx_hal_msp.o
                              0x847b2 (size before relaxing)
 .debug_str     0x000891c4      0x179 Application/User/stm32f4xx_it.o
                              0x84302 (size before relaxing)
 .debug_str     0x0008933d      0x11b Drivers/CMSIS/system_stm32f4xx.o
                              0x83db7 (size before relaxing)
 .debug_str     0x00089458      0x62b Drivers/STM32F4xx_HAL_Driver/stm32f4xx_hal.o
                              0x847bf (size before relaxing)
 .debug_str     0x00089a83      0x35d Drivers/STM32F4xx_HAL_Driver/stm32f4xx_hal_cortex.o
                              0x844d8 (size before relaxing)
 .debug_str     0x00089de0      0x353 Drivers/STM32F4xx_HAL_Driver/stm32f4xx_hal_dma.o
                              0x841af (size before relaxing)
 .debug_str     0x0008a133      0x1c2 Drivers/STM32F4xx_HAL_Driver/stm32f4xx_hal_gpio.o
                              0x83fcf (size before relaxing)
 .debug_str     0x0008a2f5      0x263 Drivers/STM32F4xx_HAL_Driver/stm32f4xx_hal_rcc.o
                              0x841db (size before relaxing)
 .debug_str     0x0008a558      0xd73 Drivers/STM32F4xx_HAL_Driver/stm32f4xx_hal_tim.o
                              0x84ecb (size before relaxing)
 .debug_str     0x0008b2cb      0x504 Drivers/STM32F4xx_HAL_Driver/stm32f4xx_hal_tim_ex.o
                              0x846e3 (size before relaxing)
 .debug_str     0x0008b7cf      0x50a Drivers/STM32F4xx_HAL_Driver/stm32f4xx_hal_uart.o
                              0x84641 (size before relaxing)

.comment        0x00000000       0x6e
 .comment       0x00000000       0x6e Application/SW4STM32/syscalls.o
                                 0x6f (size before relaxing)
 .comment       0x0000006e       0x6f Application/User/main.o
 .comment       0x0000006e       0x6f Application/User/stm32f4xx_hal_msp.o
 .comment       0x0000006e       0x6f Application/User/stm32f4xx_it.o
 .comment       0x0000006e       0x6f Drivers/CMSIS/system_stm32f4xx.o
 .comment       0x0000006e       0x6f Drivers/STM32F4xx_HAL_Driver/stm32f4xx_hal.o
 .comment       0x0000006e       0x6f Drivers/STM32F4xx_HAL_Driver/stm32f4xx_hal_cortex.o
 .comment       0x0000006e       0x6f Drivers/STM32F4xx_HAL_Driver/stm32f4xx_hal_dma.o
 .comment       0x0000006e       0x6f Drivers/STM32F4xx_HAL_Driver/stm32f4xx_hal_gpio.o
 .comment       0x0000006e       0x6f Drivers/STM32F4xx_HAL_Driver/stm32f4xx_hal_rcc.o
 .comment       0x0000006e       0x6f Drivers/STM32F4xx_HAL_Driver/stm32f4xx_hal_tim.o
 .comment       0x0000006e       0x6f Drivers/STM32F4xx_HAL_Driver/stm32f4xx_hal_tim_ex.o
 .comment       0x0000006e       0x6f Drivers/STM32F4xx_HAL_Driver/stm32f4xx_hal_uart.o

.debug_frame    0x00000000     0x2294
 .debug_frame   0x00000000      0x1ac Application/SW4STM32/syscalls.o
 .debug_frame   0x000001ac       0xec Application/User/main.o
 .debug_frame   0x00000298       0x9c Application/User/stm32f4xx_hal_msp.o
 .debug_frame   0x00000334       0xf0 Application/User/stm32f4xx_it.o
 .debug_frame   0x00000424       0x30 Drivers/CMSIS/system_stm32f4xx.o
 .debug_frame   0x00000454      0x1ec Drivers/STM32F4xx_HAL_Driver/stm32f4xx_hal.o
 .debug_frame   0x00000640      0x154 Drivers/STM32F4xx_HAL_Driver/stm32f4xx_hal_cortex.o
 .debug_frame   0x00000794      0x184 Drivers/STM32F4xx_HAL_Driver/stm32f4xx_hal_dma.o
 .debug_frame   0x00000918       0xc8 Drivers/STM32F4xx_HAL_Driver/stm32f4xx_hal_gpio.o
 .debug_frame   0x000009e0      0x170 Drivers/STM32F4xx_HAL_Driver/stm32f4xx_hal_rcc.o
 .debug_frame   0x00000b50      0xa8c Drivers/STM32F4xx_HAL_Driver/stm32f4xx_hal_tim.o
 .debug_frame   0x000015dc      0x3e0 Drivers/STM32F4xx_HAL_Driver/stm32f4xx_hal_tim_ex.o
 .debug_frame   0x000019bc      0x4e4 Drivers/STM32F4xx_HAL_Driver/stm32f4xx_hal_uart.o
 .debug_frame   0x00001ea0       0x2c c:/users/adria/.p2/pool/plugins/fr.ac6.mcu.externaltools.arm-none.win32_1.13.2.201703061525/tools/compiler/bin/../lib/gcc/arm-none-eabi/5.4.1/armv7e-m/fpu\libgcc.a(_aeabi_uldivmod.o)
 .debug_frame   0x00001ecc       0x34 c:/users/adria/.p2/pool/plugins/fr.ac6.mcu.externaltools.arm-none.win32_1.13.2.201703061525/tools/compiler/bin/../lib/gcc/arm-none-eabi/5.4.1/armv7e-m/fpu\libgcc.a(_udivmoddi4.o)
 .debug_frame   0x00001f00       0x20 c:/users/adria/.p2/pool/plugins/fr.ac6.mcu.externaltools.arm-none.win32_1.13.2.201703061525/tools/compiler/bin/../lib/gcc/arm-none-eabi/5.4.1/../../../../arm-none-eabi/lib/armv7e-m/fpu\libc_nano.a(lib_a-errno.o)
 .debug_frame   0x00001f20       0x2c c:/users/adria/.p2/pool/plugins/fr.ac6.mcu.externaltools.arm-none.win32_1.13.2.201703061525/tools/compiler/bin/../lib/gcc/arm-none-eabi/5.4.1/../../../../arm-none-eabi/lib/armv7e-m/fpu\libc_nano.a(lib_a-init.o)
 .debug_frame   0x00001f4c       0x20 c:/users/adria/.p2/pool/plugins/fr.ac6.mcu.externaltools.arm-none.win32_1.13.2.201703061525/tools/compiler/bin/../lib/gcc/arm-none-eabi/5.4.1/../../../../arm-none-eabi/lib/armv7e-m/fpu\libc_nano.a(lib_a-memset.o)
 .debug_frame   0x00001f6c       0x70 c:/users/adria/.p2/pool/plugins/fr.ac6.mcu.externaltools.arm-none.win32_1.13.2.201703061525/tools/compiler/bin/../lib/gcc/arm-none-eabi/5.4.1/../../../../arm-none-eabi/lib/armv7e-m/fpu\libc_nano.a(lib_a-sprintf.o)
 .debug_frame   0x00001fdc       0x90 c:/users/adria/.p2/pool/plugins/fr.ac6.mcu.externaltools.arm-none.win32_1.13.2.201703061525/tools/compiler/bin/../lib/gcc/arm-none-eabi/5.4.1/../../../../arm-none-eabi/lib/armv7e-m/fpu\libc_nano.a(lib_a-nano-svfprintf.o)
 .debug_frame   0x0000206c       0x60 c:/users/adria/.p2/pool/plugins/fr.ac6.mcu.externaltools.arm-none.win32_1.13.2.201703061525/tools/compiler/bin/../lib/gcc/arm-none-eabi/5.4.1/../../../../arm-none-eabi/lib/armv7e-m/fpu\libc_nano.a(lib_a-nano-vfprintf_i.o)
 .debug_frame   0x000020cc       0x28 c:/users/adria/.p2/pool/plugins/fr.ac6.mcu.externaltools.arm-none.win32_1.13.2.201703061525/tools/compiler/bin/../lib/gcc/arm-none-eabi/5.4.1/../../../../arm-none-eabi/lib/armv7e-m/fpu\libc_nano.a(lib_a-memcpy-stub.o)
 .debug_frame   0x000020f4       0x28 c:/users/adria/.p2/pool/plugins/fr.ac6.mcu.externaltools.arm-none.win32_1.13.2.201703061525/tools/compiler/bin/../lib/gcc/arm-none-eabi/5.4.1/../../../../arm-none-eabi/lib/armv7e-m/fpu\libc_nano.a(lib_a-memmove.o)
 .debug_frame   0x0000211c       0x38 c:/users/adria/.p2/pool/plugins/fr.ac6.mcu.externaltools.arm-none.win32_1.13.2.201703061525/tools/compiler/bin/../lib/gcc/arm-none-eabi/5.4.1/../../../../arm-none-eabi/lib/armv7e-m/fpu\libc_nano.a(lib_a-nano-freer.o)
 .debug_frame   0x00002154       0x2c c:/users/adria/.p2/pool/plugins/fr.ac6.mcu.externaltools.arm-none.win32_1.13.2.201703061525/tools/compiler/bin/../lib/gcc/arm-none-eabi/5.4.1/../../../../arm-none-eabi/lib/armv7e-m/fpu\libc_nano.a(lib_a-nano-mallocr.o)
 .debug_frame   0x00002180       0x3c c:/users/adria/.p2/pool/plugins/fr.ac6.mcu.externaltools.arm-none.win32_1.13.2.201703061525/tools/compiler/bin/../lib/gcc/arm-none-eabi/5.4.1/../../../../arm-none-eabi/lib/armv7e-m/fpu\libc_nano.a(lib_a-nano-reallocr.o)
 .debug_frame   0x000021bc       0x2c c:/users/adria/.p2/pool/plugins/fr.ac6.mcu.externaltools.arm-none.win32_1.13.2.201703061525/tools/compiler/bin/../lib/gcc/arm-none-eabi/5.4.1/../../../../arm-none-eabi/lib/armv7e-m/fpu\libc_nano.a(lib_a-sbrkr.o)
 .debug_frame   0x000021e8       0x30 c:/users/adria/.p2/pool/plugins/fr.ac6.mcu.externaltools.arm-none.win32_1.13.2.201703061525/tools/compiler/bin/../lib/gcc/arm-none-eabi/5.4.1/../../../../arm-none-eabi/lib/armv7e-m/fpu\libc_nano.a(lib_a-mlock.o)
 .debug_frame   0x00002218       0x20 c:/users/adria/.p2/pool/plugins/fr.ac6.mcu.externaltools.arm-none.win32_1.13.2.201703061525/tools/compiler/bin/../lib/gcc/arm-none-eabi/5.4.1/../../../../arm-none-eabi/lib/armv7e-m/fpu\libc_nano.a(lib_a-nano-msizer.o)
 .debug_frame   0x00002238       0x5c c:/users/adria/.p2/pool/plugins/fr.ac6.mcu.externaltools.arm-none.win32_1.13.2.201703061525/tools/compiler/bin/../lib/gcc/arm-none-eabi/5.4.1/../../../../arm-none-eabi/lib/armv7e-m/fpu\libc_nano.a(lib_a-reent.o)
